Archive member included to satisfy reference by file (symbol)

/home/siegelty/Documents/EECS473/nordicTools/gcc-arm-none-eabi-6-2017-q2-update/bin/../lib/gcc/arm-none-eabi/6.3.1/../../../../arm-none-eabi/lib/thumb/v7e-m/fpv4-sp/hard/libc_nano.a(lib_a-exit.o)
                              /home/siegelty/Documents/EECS473/nordicTools/gcc-arm-none-eabi-6-2017-q2-update/bin/../lib/gcc/arm-none-eabi/6.3.1/../../../../arm-none-eabi/lib/thumb/v7e-m/fpv4-sp/hard/crt0.o (exit)
/home/siegelty/Documents/EECS473/nordicTools/gcc-arm-none-eabi-6-2017-q2-update/bin/../lib/gcc/arm-none-eabi/6.3.1/../../../../arm-none-eabi/lib/thumb/v7e-m/fpv4-sp/hard/libc_nano.a(lib_a-impure.o)
                              /home/siegelty/Documents/EECS473/nordicTools/gcc-arm-none-eabi-6-2017-q2-update/bin/../lib/gcc/arm-none-eabi/6.3.1/../../../../arm-none-eabi/lib/thumb/v7e-m/fpv4-sp/hard/libc_nano.a(lib_a-exit.o) (_global_impure_ptr)
/home/siegelty/Documents/EECS473/nordicTools/gcc-arm-none-eabi-6-2017-q2-update/bin/../lib/gcc/arm-none-eabi/6.3.1/../../../../arm-none-eabi/lib/thumb/v7e-m/fpv4-sp/hard/libc_nano.a(lib_a-init.o)
                              /home/siegelty/Documents/EECS473/nordicTools/gcc-arm-none-eabi-6-2017-q2-update/bin/../lib/gcc/arm-none-eabi/6.3.1/../../../../arm-none-eabi/lib/thumb/v7e-m/fpv4-sp/hard/crt0.o (__libc_init_array)
/home/siegelty/Documents/EECS473/nordicTools/gcc-arm-none-eabi-6-2017-q2-update/bin/../lib/gcc/arm-none-eabi/6.3.1/../../../../arm-none-eabi/lib/thumb/v7e-m/fpv4-sp/hard/libc_nano.a(lib_a-memset.o)
                              /home/siegelty/Documents/EECS473/nordicTools/gcc-arm-none-eabi-6-2017-q2-update/bin/../lib/gcc/arm-none-eabi/6.3.1/../../../../arm-none-eabi/lib/thumb/v7e-m/fpv4-sp/hard/crt0.o (memset)
/home/siegelty/Documents/EECS473/nordicTools/gcc-arm-none-eabi-6-2017-q2-update/bin/../lib/gcc/arm-none-eabi/6.3.1/../../../../arm-none-eabi/lib/thumb/v7e-m/fpv4-sp/hard/libnosys.a(_exit.o)
                              /home/siegelty/Documents/EECS473/nordicTools/gcc-arm-none-eabi-6-2017-q2-update/bin/../lib/gcc/arm-none-eabi/6.3.1/../../../../arm-none-eabi/lib/thumb/v7e-m/fpv4-sp/hard/libc_nano.a(lib_a-exit.o) (_exit)

Allocating common symbols
Common symbol       size              file

nrf_nvic_state      0xc               _build/main.c/app_util_platform.c.o

Discarded input sections

 .text          0x0000000000000000        0x0 /home/siegelty/Documents/EECS473/nordicTools/gcc-arm-none-eabi-6-2017-q2-update/bin/../lib/gcc/arm-none-eabi/6.3.1/thumb/v7e-m/fpv4-sp/hard/crti.o
 .data          0x0000000000000000        0x0 /home/siegelty/Documents/EECS473/nordicTools/gcc-arm-none-eabi-6-2017-q2-update/bin/../lib/gcc/arm-none-eabi/6.3.1/thumb/v7e-m/fpv4-sp/hard/crti.o
 .bss           0x0000000000000000        0x0 /home/siegelty/Documents/EECS473/nordicTools/gcc-arm-none-eabi-6-2017-q2-update/bin/../lib/gcc/arm-none-eabi/6.3.1/thumb/v7e-m/fpv4-sp/hard/crti.o
 .data          0x0000000000000000        0x4 /home/siegelty/Documents/EECS473/nordicTools/gcc-arm-none-eabi-6-2017-q2-update/bin/../lib/gcc/arm-none-eabi/6.3.1/thumb/v7e-m/fpv4-sp/hard/crtbegin.o
 .data          0x0000000000000000        0x0 /home/siegelty/Documents/EECS473/nordicTools/gcc-arm-none-eabi-6-2017-q2-update/bin/../lib/gcc/arm-none-eabi/6.3.1/../../../../arm-none-eabi/lib/thumb/v7e-m/fpv4-sp/hard/crt0.o
 .bss           0x0000000000000000        0x0 /home/siegelty/Documents/EECS473/nordicTools/gcc-arm-none-eabi-6-2017-q2-update/bin/../lib/gcc/arm-none-eabi/6.3.1/../../../../arm-none-eabi/lib/thumb/v7e-m/fpv4-sp/hard/crt0.o
 .ARM.extab     0x0000000000000000        0x0 /home/siegelty/Documents/EECS473/nordicTools/gcc-arm-none-eabi-6-2017-q2-update/bin/../lib/gcc/arm-none-eabi/6.3.1/../../../../arm-none-eabi/lib/thumb/v7e-m/fpv4-sp/hard/crt0.o
 .data          0x0000000000000000        0x0 _build/main.c/gcc_startup_nrf52.S.o
 .bss           0x0000000000000000        0x0 _build/main.c/gcc_startup_nrf52.S.o
 .group         0x0000000000000000        0x8 _build/main.c/system_nrf52.c.o
 .group         0x0000000000000000        0x8 _build/main.c/system_nrf52.c.o
 .group         0x0000000000000000        0x8 _build/main.c/system_nrf52.c.o
 .group         0x0000000000000000        0x8 _build/main.c/system_nrf52.c.o
 .group         0x0000000000000000        0x8 _build/main.c/system_nrf52.c.o
 .group         0x0000000000000000        0x8 _build/main.c/system_nrf52.c.o
 .group         0x0000000000000000        0x8 _build/main.c/system_nrf52.c.o
 .group         0x0000000000000000        0x8 _build/main.c/system_nrf52.c.o
 .group         0x0000000000000000        0x8 _build/main.c/system_nrf52.c.o
 .group         0x0000000000000000        0x8 _build/main.c/system_nrf52.c.o
 .group         0x0000000000000000        0x8 _build/main.c/system_nrf52.c.o
 .group         0x0000000000000000        0x8 _build/main.c/system_nrf52.c.o
 .group         0x0000000000000000        0x8 _build/main.c/system_nrf52.c.o
[...]
Memory Configuration

Name             Origin             Length             Attributes
FLASH            0x0000000000023000 0x000000000005d000 xr
RAM              0x0000000020005668 0x000000000000a998 xrw
*default*        0x0000000000000000 0xffffffffffffffff

Linker script and memory map


.text           0x0000000000023000      0x968
 *(.isr_vector)
 .isr_vector    0x0000000000023000      0x200 _build/main.c/gcc_startup_nrf52.S.o
                0x0000000000023000                __isr_vector
 *(.text*)
 .text          0x0000000000023200       0x6c /home/siegelty/Documents/EECS473/nordicTools/gcc-arm-none-eabi-6-2017-q2-update/bin/../lib/gcc/arm-none-eabi/6.3.1/thumb/v7e-m/fpv4-sp/hard/crtbegin.o
 .text          0x000000000002326c       0x74 /home/siegelty/Documents/EECS473/nordicTools/gcc-arm-none-eabi-6-2017-q2-update/bin/../lib/gcc/arm-none-eabi/6.3.1/../../../../arm-none-eabi/lib/thumb/v7e-m/fpv4-sp/hard/crt0.o
                0x000000000002326c                _mainCRTStartup
                0x000000000002326c                _start
 .text          0x00000000000232e0       0x3c _build/main.c/gcc_startup_nrf52.S.o
                0x00000000000232e0                Reset_Handler
                0x0000000000023308                NMI_Handler
                0x000000000002330a                HardFault_Handler
                0x000000000002330c                MemoryManagement_Handler
                0x000000000002330e                BusFault_Handler
                0x0000000000023310                UsageFault_Handler
                0x0000000000023312                SVC_Handler
                0x0000000000023314                DebugMon_Handler
                0x0000000000023316                PendSV_Handler
                0x0000000000023318                SysTick_Handler
                0x000000000002331a                TIMER2_IRQHandler
                0x000000000002331a                RTC0_IRQHandler
                0x000000000002331a                SWI0_EGU0_IRQHandler
                0x000000000002331a                GPIOTE_IRQHandler
                0x000000000002331a                PWM1_IRQHandler
                0x000000000002331a                POWER_CLOCK_IRQHandler
                0x000000000002331a                RADIO_IRQHandler
                0x000000000002331a                PDM_IRQHandler
                0x000000000002331a                TEMP_IRQHandler
                0x000000000002331a                QDEC_IRQHandler
                0x000000000002331a                TIMER3_IRQHandler
                0x000000000002331a                FPU_IRQHandler
                0x000000000002331a                SPIM0_SPIS0_TWIM0_TWIS0_SPI0_TWI0_IRQHandler
                0x000000000002331a                UARTE0_UART0_IRQHandler
                0x000000000002331a                TIMER4_IRQHandler
                0x000000000002331a                I2S_IRQHandler
                0x000000000002331a                SWI4_EGU4_IRQHandler
                0x000000000002331a                TIMER0_IRQHandler
                0x000000000002331a                TIMER1_IRQHandler
                0x000000000002331a                PWM2_IRQHandler
                0x000000000002331a                ECB_IRQHandler
                0x000000000002331a                SPIM1_SPIS1_TWIM1_TWIS1_SPI1_TWI1_IRQHandler
                0x000000000002331a                Default_Handler
                0x000000000002331a                SAADC_IRQHandler
                0x000000000002331a                CCM_AAR_IRQHandler
                0x000000000002331a                WDT_IRQHandler
                0x000000000002331a                SWI5_EGU5_IRQHandler
                0x000000000002331a                RNG_IRQHandler
                0x000000000002331a                RTC2_IRQHandler
                0x000000000002331a                PWM0_IRQHandler
                0x000000000002331a                SWI3_EGU3_IRQHandler
                0x000000000002331a                RTC1_IRQHandler
                0x000000000002331a                SWI1_EGU1_IRQHandler
                0x000000000002331a                SPIM2_SPIS2_SPI2_IRQHandler
                0x000000000002331a                NFCT_IRQHandler
                0x000000000002331a                MWU_IRQHandler
                0x000000000002331a                COMP_LPCOMP_IRQHandler
 .text.SystemInit
                0x000000000002331c      0x390 _build/main.c/system_nrf52.c.o
                0x000000000002331c                SystemInit
 .text.startup.main
                0x00000000000236ac       0xa4 _build/main.c/main.c.o
                0x00000000000236ac                main
 .text.bsp_board_led_invert
                0x0000000000023750       0x24 _build/main.c/boards.c.o
                0x0000000000023750                bsp_board_led_invert
 .text.bsp_board_leds_init
                0x0000000000023774       0x3c _build/main.c/boards.c.o
                0x0000000000023774                bsp_board_leds_init
 .text.app_error_handler_bare
                0x00000000000237b0       0x20 _build/main.c/app_error.c.o
                0x00000000000237b0                app_error_handler_bare
 .text.app_error_fault_handler
                0x00000000000237d0       0x30 _build/main.c/app_error_weak.c.o
                0x00000000000237d0                app_error_fault_handler
 .text.nrf_section_iter_init
                0x0000000000023800       0x14 _build/main.c/nrf_section_iter.c.o
                0x0000000000023800                nrf_section_iter_init
 .text.nrf_section_iter_next
                0x0000000000023814       0x18 _build/main.c/nrf_section_iter.c.o
                0x0000000000023814                nrf_section_iter_next
 .text.SWI2_EGU2_IRQHandler
                0x000000000002382c       0x2c _build/main.c/nrf_sdh.c.o
                0x000000000002382c                SWI2_EGU2_IRQHandler
 .text.sd_evt_get
                0x0000000000023858        0x4 _build/main.c/nrf_sdh_soc.c.o
 .text.nrf_sdh_soc_evts_poll
                0x000000000002385c       0x4c _build/main.c/nrf_sdh_soc.c.o
 .text.exit     0x00000000000238a8       0x28 /home/siegelty/Documents/EECS473/nordicTools/gcc-arm-none-eabi-6-2017-q2-update/bin/../lib/gcc/arm-none-eabi/6.3.1/../../../../arm-none-eabi/lib/thumb/v7e-m/fpv4-sp/hard/libc_nano.a(lib_a-exit.o)
                0x00000000000238a8                exit
 .text.__libc_init_array
                0x00000000000238d0       0x48 /home/siegelty/Documents/EECS473/nordicTools/gcc-arm-none-eabi-6-2017-q2-update/bin/../lib/gcc/arm-none-eabi/6.3.1/../../../../arm-none-eabi/lib/thumb/v7e-m/fpv4-sp/hard/libc_nano.a(lib_a-init.o)
                0x00000000000238d0                __libc_init_array
 .text.memset   0x0000000000023918       0x10 /home/siegelty/Documents/EECS473/nordicTools/gcc-arm-none-eabi-6-2017-q2-update/bin/../lib/gcc/arm-none-eabi/6.3.1/../../../../arm-none-eabi/lib/thumb/v7e-m/fpv4-sp/hard/libc_nano.a(lib_a-memset.o)
                0x0000000000023918                memset
 .text._exit    0x0000000000023928        0x4 /home/siegelty/Documents/EECS473/nordicTools/gcc-arm-none-eabi-6-2017-q2-update/bin/../lib/gcc/arm-none-eabi/6.3.1/../../../../arm-none-eabi/lib/thumb/v7e-m/fpv4-sp/hard/libnosys.a(_exit.o)
                0x0000000000023928                _exit
 *(.init)
 .init          0x000000000002392c        0x4 /home/siegelty/Documents/EECS473/nordicTools/gcc-arm-none-eabi-6-2017-q2-update/bin/../lib/gcc/arm-none-eabi/6.3.1/thumb/v7e-m/fpv4-sp/hard/crti.o
                0x000000000002392c                _init
 .init          0x0000000000023930        0x8 /home/siegelty/Documents/EECS473/nordicTools/gcc-arm-none-eabi-6-2017-q2-update/bin/../lib/gcc/arm-none-eabi/6.3.1/thumb/v7e-m/fpv4-sp/hard/crtn.o
 *(.fini)
 .fini          0x0000000000023938        0x4 /home/siegelty/Documents/EECS473/nordicTools/gcc-arm-none-eabi-6-2017-q2-update/bin/../lib/gcc/arm-none-eabi/6.3.1/thumb/v7e-m/fpv4-sp/hard/crti.o
                0x0000000000023938                _fini
 .fini          0x000000000002393c        0x8 /home/siegelty/Documents/EECS473/nordicTools/gcc-arm-none-eabi-6-2017-q2-update/bin/../lib/gcc/arm-none-eabi/6.3.1/thumb/v7e-m/fpv4-sp/hard/crtn.o
 *crtbegin.o(.ctors)
 *crtbegin?.o(.ctors)
 *(EXCLUDE_FILE(*crtend.o *crtend?.o) .ctors)
 *(SORT(.ctors.*))
 *(.ctors)
 *crtbegin.o(.dtors)
 *crtbegin?.o(.dtors)
 *(EXCLUDE_FILE(*crtend.o *crtend?.o) .dtors)
 *(SORT(.dtors.*))
 *(.dtors)
 *(.rodata*)
 .rodata.m_board_led_list
                0x0000000000023944        0x4 _build/main.c/boards.c.o
 .rodata.sdh_stack_observers
                0x0000000000023948        0xc _build/main.c/nrf_sdh.c.o
 .rodata.sdh_soc_observers
                0x0000000000023954        0xc _build/main.c/nrf_sdh_soc.c.o
 .rodata._global_impure_ptr
                0x0000000000023960        0x4 /home/siegelty/Documents/EECS473/nordicTools/gcc-arm-none-eabi-6-2017-q2-update/bin/../lib/gcc/arm-none-eabi/6.3.1/../../../../arm-none-eabi/lib/thumb/v7e-m/fpv4-sp/hard/libc_nano.a(lib_a-impure.o)
                0x0000000000023960                _global_impure_ptr
 *(.eh_frame*)
 .eh_frame      0x0000000000023964        0x0 /home/siegelty/Documents/EECS473/nordicTools/gcc-arm-none-eabi-6-2017-q2-update/bin/../lib/gcc/arm-none-eabi/6.3.1/thumb/v7e-m/fpv4-sp/hard/crtbegin.o
 .eh_frame      0x0000000000023964        0x4 /home/siegelty/Documents/EECS473/nordicTools/gcc-arm-none-eabi-6-2017-q2-update/bin/../lib/gcc/arm-none-eabi/6.3.1/thumb/v7e-m/fpv4-sp/hard/crtend.o

.glue_7         0x0000000000023968        0x0
 .glue_7        0x0000000000023968        0x0 linker stubs

.glue_7t        0x0000000000023968        0x0
 .glue_7t       0x0000000000023968        0x0 linker stubs

.vfp11_veneer   0x0000000000023968        0x0
 .vfp11_veneer  0x0000000000023968        0x0 linker stubs

.v4_bx          0x0000000000023968        0x0
 .v4_bx         0x0000000000023968        0x0 linker stubs

.iplt           0x0000000000023968        0x0
 .iplt          0x0000000000023968        0x0 /home/siegelty/Documents/EECS473/nordicTools/gcc-arm-none-eabi-6-2017-q2-update/bin/../lib/gcc/arm-none-eabi/6.3.1/thumb/v7e-m/fpv4-sp/hard/crtbegin.o

.pwr_mgmt_data  0x0000000000023968        0x0
                [!provide]                        PROVIDE (__start_pwr_mgmt_data, .)
 *(SORT(.pwr_mgmt_data*))
                [!provide]                        PROVIDE (__stop_pwr_mgmt_data, .)

.log_const_data
                0x0000000000023968        0x0
                [!provide]                        PROVIDE (__start_log_const_data, .)
 *(.log_const_data)
                [!provide]                        PROVIDE (__stop_log_const_data, .)

.cli_command    0x0000000000023968        0x0
                [!provide]                        PROVIDE (__start_cli_command, .)
 *(.cli_command)
                [!provide]                        PROVIDE (__stop_cli_command, .)

.sdh_stack_observers
                0x0000000000023968        0x8
                0x0000000000023968                PROVIDE (__start_sdh_stack_observers, .)
 *(SORT(.sdh_stack_observers*))
 .sdh_stack_observers0
                0x0000000000023968        0x8 _build/main.c/nrf_sdh_soc.c.o
                0x0000000000023970                PROVIDE (__stop_sdh_stack_observers, .)

.sdh_req_observers
                0x0000000000023970        0x0
                0x0000000000023970                PROVIDE (__start_sdh_req_observers, .)
 *(SORT(.sdh_req_observers*))
                0x0000000000023970                PROVIDE (__stop_sdh_req_observers, .)

.sdh_state_observers
                0x0000000000023970        0x0
                0x0000000000023970                PROVIDE (__start_sdh_state_observers, .)
 *(SORT(.sdh_state_observers*))
                0x0000000000023970                PROVIDE (__stop_sdh_state_observers, .)

.sdh_ant_observers
                0x0000000000023970        0x0
                [!provide]                        PROVIDE (__start_sdh_ant_observers, .)
 *(SORT(.sdh_ant_observers*))
                [!provide]                        PROVIDE (__stop_sdh_ant_observers, .)

.sdh_ble_observers
                0x0000000000023970        0x0
                [!provide]                        PROVIDE (__start_sdh_ble_observers, .)
 *(SORT(.sdh_ble_observers*))
                [!provide]                        PROVIDE (__stop_sdh_ble_observers, .)

.sdh_soc_observers
                0x0000000000023970        0x0
                0x0000000000023970                PROVIDE (__start_sdh_soc_observers, .)
 *(SORT(.sdh_soc_observers*))
                0x0000000000023970                PROVIDE (__stop_sdh_soc_observers, .)

.ARM.extab
 *(.ARM.extab* .gnu.linkonce.armextab.*)
                0x0000000000023970                __exidx_start = .

.ARM.exidx      0x0000000000023970        0x8
 *(.ARM.exidx* .gnu.linkonce.armexidx.*)
 .ARM.exidx     0x0000000000023970        0x8 /home/siegelty/Documents/EECS473/nordicTools/gcc-arm-none-eabi-6-2017-q2-update/bin/../lib/gcc/arm-none-eabi/6.3.1/../../../../arm-none-eabi/lib/thumb/v7e-m/fpv4-sp/hard/crt0.o
                0x0000000000023978                __exidx_end = .
                0x0000000000023978                __etext = .

.rel.dyn        0x0000000000023978        0x0
 .rel.iplt      0x0000000000023978        0x0 /home/siegelty/Documents/EECS473/nordicTools/gcc-arm-none-eabi-6-2017-q2-update/bin/../lib/gcc/arm-none-eabi/6.3.1/thumb/v7e-m/fpv4-sp/hard/crtbegin.o

.data           0x0000000020005668       0x70 load address 0x0000000000023978
                0x0000000020005668                __data_start__ = .
 *(vtable)
 *(.data*)
 .data.SystemCoreClock
                0x0000000020005668        0x4 _build/main.c/system_nrf52.c.o
                0x0000000020005668                SystemCoreClock
 .data.impure_data
                0x000000002000566c       0x60 /home/siegelty/Documents/EECS473/nordicTools/gcc-arm-none-eabi-6-2017-q2-update/bin/../lib/gcc/arm-none-eabi/6.3.1/../../../../arm-none-eabi/lib/thumb/v7e-m/fpv4-sp/hard/libc_nano.a(lib_a-impure.o)
                0x00000000200056cc                . = ALIGN (0x4)
                0x00000000200056cc                PROVIDE (__preinit_array_start, .)
 *(.preinit_array)
                0x00000000200056cc                PROVIDE (__preinit_array_end, .)
                0x00000000200056cc                . = ALIGN (0x4)
                0x00000000200056cc                PROVIDE (__init_array_start, .)
 *(SORT(.init_array.*))
 *(.init_array)
 .init_array    0x00000000200056cc        0x4 /home/siegelty/Documents/EECS473/nordicTools/gcc-arm-none-eabi-6-2017-q2-update/bin/../lib/gcc/arm-none-eabi/6.3.1/thumb/v7e-m/fpv4-sp/hard/crtbegin.o
                0x00000000200056d0                PROVIDE (__init_array_end, .)
                0x00000000200056d0                . = ALIGN (0x4)
                [!provide]                        PROVIDE (__fini_array_start, .)
 *(SORT(.fini_array.*))
 *(.fini_array)
 .fini_array    0x00000000200056d0        0x4 /home/siegelty/Documents/EECS473/nordicTools/gcc-arm-none-eabi-6-2017-q2-update/bin/../lib/gcc/arm-none-eabi/6.3.1/thumb/v7e-m/fpv4-sp/hard/crtbegin.o
                [!provide]                        PROVIDE (__fini_array_end, .)
 *(.jcr*)
 .jcr           0x00000000200056d4        0x0 /home/siegelty/Documents/EECS473/nordicTools/gcc-arm-none-eabi-6-2017-q2-update/bin/../lib/gcc/arm-none-eabi/6.3.1/thumb/v7e-m/fpv4-sp/hard/crtbegin.o
 .jcr           0x00000000200056d4        0x4 /home/siegelty/Documents/EECS473/nordicTools/gcc-arm-none-eabi-6-2017-q2-update/bin/../lib/gcc/arm-none-eabi/6.3.1/thumb/v7e-m/fpv4-sp/hard/crtend.o
                0x00000000200056d8                . = ALIGN (0x4)
                0x00000000200056d8                __data_end__ = .
LOAD /home/siegelty/Documents/EECS473/nordicTools/gcc-arm-none-eabi-6-2017-q2-update/bin/../lib/gcc/arm-none-eabi/6.3.1/thumb/v7e-m/fpv4-sp/hard/crti.o
LOAD /home/siegelty/Documents/EECS473/nordicTools/gcc-arm-none-eabi-6-2017-q2-update/bin/../lib/gcc/arm-none-eabi/6.3.1/thumb/v7e-m/fpv4-sp/hard/crtbegin.o
LOAD /home/siegelty/Documents/EECS473/nordicTools/gcc-arm-none-eabi-6-2017-q2-update/bin/../lib/gcc/arm-none-eabi/6.3.1/../../../../arm-none-eabi/lib/thumb/v7e-m/fpv4-sp/hard/crt0.o
LOAD _build/main.c/gcc_startup_nrf52.S.o
LOAD _build/main.c/system_nrf52.c.o
LOAD _build/main.c/main.c.o
LOAD _build/main.c/boards.c.o
LOAD _build/main.c/app_error.c.o
LOAD _build/main.c/app_error_weak.c.o
LOAD _build/main.c/app_util_platform.c.o
LOAD _build/main.c/nrf_assert.c.o
LOAD _build/main.c/nrf_section_iter.c.o
LOAD _build/main.c/nrf_strerror.c.o
LOAD _build/main.c/nrf_sdh.c.o
LOAD _build/main.c/nrf_sdh_soc.c.o
LOAD /home/siegelty/Documents/EECS473/nordicTools/gcc-arm-none-eabi-6-2017-q2-update/bin/../lib/gcc/arm-none-eabi/6.3.1/../../../../arm-none-eabi/lib/thumb/v7e-m/fpv4-sp/hard/libc_nano.a
LOAD /home/siegelty/Documents/EECS473/nordicTools/gcc-arm-none-eabi-6-2017-q2-update/bin/../lib/gcc/arm-none-eabi/6.3.1/../../../../arm-none-eabi/lib/thumb/v7e-m/fpv4-sp/hard/libnosys.a
LOAD /home/siegelty/Documents/EECS473/nordicTools/gcc-arm-none-eabi-6-2017-q2-update/bin/../lib/gcc/arm-none-eabi/6.3.1/../../../../arm-none-eabi/lib/thumb/v7e-m/fpv4-sp/hard/libm.a
START GROUP
LOAD /home/siegelty/Documents/EECS473/nordicTools/gcc-arm-none-eabi-6-2017-q2-update/bin/../lib/gcc/arm-none-eabi/6.3.1/thumb/v7e-m/fpv4-sp/hard/libgcc.a
LOAD /home/siegelty/Documents/EECS473/nordicTools/gcc-arm-none-eabi-6-2017-q2-update/bin/../lib/gcc/arm-none-eabi/6.3.1/../../../../arm-none-eabi/lib/thumb/v7e-m/fpv4-sp/hard/libg_nano.a
LOAD /home/siegelty/Documents/EECS473/nordicTools/gcc-arm-none-eabi-6-2017-q2-update/bin/../lib/gcc/arm-none-eabi/6.3.1/../../../../arm-none-eabi/lib/thumb/v7e-m/fpv4-sp/hard/libc_nano.a
END GROUP
START GROUP
LOAD /home/siegelty/Documents/EECS473/nordicTools/gcc-arm-none-eabi-6-2017-q2-update/bin/../lib/gcc/arm-none-eabi/6.3.1/thumb/v7e-m/fpv4-sp/hard/libgcc.a
LOAD /home/siegelty/Documents/EECS473/nordicTools/gcc-arm-none-eabi-6-2017-q2-update/bin/../lib/gcc/arm-none-eabi/6.3.1/../../../../arm-none-eabi/lib/thumb/v7e-m/fpv4-sp/hard/libc_nano.a
END GROUP
LOAD /home/siegelty/Documents/EECS473/nordicTools/gcc-arm-none-eabi-6-2017-q2-update/bin/../lib/gcc/arm-none-eabi/6.3.1/thumb/v7e-m/fpv4-sp/hard/crtend.o
LOAD /home/siegelty/Documents/EECS473/nordicTools/gcc-arm-none-eabi-6-2017-q2-update/bin/../lib/gcc/arm-none-eabi/6.3.1/thumb/v7e-m/fpv4-sp/hard/crtn.o
START GROUP
LOAD /home/siegelty/Documents/EECS473/nordicTools/gcc-arm-none-eabi-6-2017-q2-update/bin/../lib/gcc/arm-none-eabi/6.3.1/thumb/v7e-m/fpv4-sp/hard/libgcc.a
LOAD /home/siegelty/Documents/EECS473/nordicTools/gcc-arm-none-eabi-6-2017-q2-update/bin/../lib/gcc/arm-none-eabi/6.3.1/../../../../arm-none-eabi/lib/thumb/v7e-m/fpv4-sp/hard/libc.a
LOAD /home/siegelty/Documents/EECS473/nordicTools/gcc-arm-none-eabi-6-2017-q2-update/bin/../lib/gcc/arm-none-eabi/6.3.1/../../../../arm-none-eabi/lib/thumb/v7e-m/fpv4-sp/hard/libnosys.a
END GROUP

.igot.plt       0x00000000200056d8        0x0 load address 0x00000000000239e8
 .igot.plt      0x00000000200056d8        0x0 /home/siegelty/Documents/EECS473/nordicTools/gcc-arm-none-eabi-6-2017-q2-update/bin/../lib/gcc/arm-none-eabi/6.3.1/thumb/v7e-m/fpv4-sp/hard/crtbegin.o
                0x00000000200056d8                . = ALIGN (0x4)

.svc_data       0x00000000200056d8        0x0
                [!provide]                        PROVIDE (__start_svc_data, .)
 *(.svc_data)
                [!provide]                        PROVIDE (__stop_svc_data, .)

.fs_data        0x00000000200056d8        0x0
                [!provide]                        PROVIDE (__start_fs_data, .)
 *(.fs_data)
                [!provide]                        PROVIDE (__stop_fs_data, .)

.log_dynamic_data
                0x00000000200056d8        0x0
                [!provide]                        PROVIDE (__start_log_dynamic_data, .)
 *(.log_dynamic_data)
                [!provide]                        PROVIDE (__stop_log_dynamic_data, .)

.cli_sorted_cmd_ptrs
                0x00000000200056d8        0x0
                [!provide]                        PROVIDE (__start_cli_sorted_cmd_ptrs, .)
 *(.cli_sorted_cmd_ptrs)
                [!provide]                        PROVIDE (__stop_cli_sorted_cmd_ptrs, .)

.bss            0x00000000200056d8       0x1c load address 0x00000000000239e8
                0x00000000200056d8                . = ALIGN (0x4)
                0x00000000200056d8                __bss_start__ = .
 *(.bss*)
 .bss           0x00000000200056d8       0x1c /home/siegelty/Documents/EECS473/nordicTools/gcc-arm-none-eabi-6-2017-q2-update/bin/../lib/gcc/arm-none-eabi/6.3.1/thumb/v7e-m/fpv4-sp/hard/crtbegin.o
 *(COMMON)
                0x00000000200056f4                . = ALIGN (0x4)
                0x00000000200056f4                __bss_end__ = .

.heap           0x00000000200056f8     0x2000
                0x00000000200056f8                __HeapBase = .
                0x00000000200056f8                __end__ = .
                [!provide]                        PROVIDE (end, .)
 *(.heap*)
 .heap          0x00000000200056f8     0x2000 _build/main.c/gcc_startup_nrf52.S.o
                0x00000000200076f8                __HeapLimit = .

.stack_dummy    0x00000000200056f8     0x2000
 *(.stack*)
 .stack         0x00000000200056f8     0x2000 _build/main.c/gcc_startup_nrf52.S.o
                0x0000000020010000                __StackTop = (ORIGIN (RAM) + LENGTH (RAM))
                0x000000002000e000                __StackLimit = (__StackTop - SIZEOF (.stack_dummy))
                0x0000000020010000                PROVIDE (__stack, __StackTop)
                0x0000000000000001                ASSERT ((__StackLimit >= __HeapLimit), region RAM overflowed with stack)
OUTPUT(_build/main.c.out elf32-littlearm)

.ARM.attributes
                0x0000000000000000       0x30
 .ARM.attributes
                0x0000000000000000       0x22 /home/siegelty/Documents/EECS473/nordicTools/gcc-arm-none-eabi-6-2017-q2-update/bin/../lib/gcc/arm-none-eabi/6.3.1/thumb/v7e-m/fpv4-sp/hard/crti.o
 .ARM.attributes
                0x0000000000000022       0x34 /home/siegelty/Documents/EECS473/nordicTools/gcc-arm-none-eabi-6-2017-q2-update/bin/../lib/gcc/arm-none-eabi/6.3.1/thumb/v7e-m/fpv4-sp/hard/crtbegin.o
 .ARM.attributes
                0x0000000000000056       0x20 /home/siegelty/Documents/EECS473/nordicTools/gcc-arm-none-eabi-6-2017-q2-update/bin/../lib/gcc/arm-none-eabi/6.3.1/../../../../arm-none-eabi/lib/thumb/v7e-m/fpv4-sp/hard/crt0.o
 .ARM.attributes
                0x0000000000000076       0x20 _build/main.c/gcc_startup_nrf52.S.o
 .ARM.attributes
                0x0000000000000096       0x39 _build/main.c/system_nrf52.c.o
 .ARM.attributes
                0x00000000000000cf       0x39 _build/main.c/main.c.o
 .ARM.attributes
                0x0000000000000108       0x39 _build/main.c/boards.c.o
 .ARM.attributes
                0x0000000000000141       0x39 _build/main.c/app_error.c.o
 .ARM.attributes
                0x000000000000017a       0x39 _build/main.c/app_error_weak.c.o
 .ARM.attributes
                0x00000000000001b3       0x39 _build/main.c/nrf_section_iter.c.o
 .ARM.attributes
                0x00000000000001ec       0x39 _build/main.c/nrf_sdh.c.o
 .ARM.attributes
                0x0000000000000225       0x39 _build/main.c/nrf_sdh_soc.c.o
 .ARM.attributes
                0x000000000000025e       0x34 /home/siegelty/Documents/EECS473/nordicTools/gcc-arm-none-eabi-6-2017-q2-update/bin/../lib/gcc/arm-none-eabi/6.3.1/../../../../arm-none-eabi/lib/thumb/v7e-m/fpv4-sp/hard/libc_nano.a(lib_a-exit.o)
 .ARM.attributes
                0x0000000000000292       0x34 /home/siegelty/Documents/EECS473/nordicTools/gcc-arm-none-eabi-6-2017-q2-update/bin/../lib/gcc/arm-none-eabi/6.3.1/../../../../arm-none-eabi/lib/thumb/v7e-m/fpv4-sp/hard/libc_nano.a(lib_a-impure.o)
 .ARM.attributes
                0x00000000000002c6       0x34 /home/siegelty/Documents/EECS473/nordicTools/gcc-arm-none-eabi-6-2017-q2-update/bin/../lib/gcc/arm-none-eabi/6.3.1/../../../../arm-none-eabi/lib/thumb/v7e-m/fpv4-sp/hard/libc_nano.a(lib_a-init.o)
 .ARM.attributes
                0x00000000000002fa       0x34 /home/siegelty/Documents/EECS473/nordicTools/gcc-arm-none-eabi-6-2017-q2-update/bin/../lib/gcc/arm-none-eabi/6.3.1/../../../../arm-none-eabi/lib/thumb/v7e-m/fpv4-sp/hard/libc_nano.a(lib_a-memset.o)
 .ARM.attributes
                0x000000000000032e       0x34 /home/siegelty/Documents/EECS473/nordicTools/gcc-arm-none-eabi-6-2017-q2-update/bin/../lib/gcc/arm-none-eabi/6.3.1/../../../../arm-none-eabi/lib/thumb/v7e-m/fpv4-sp/hard/libnosys.a(_exit.o)
 .ARM.attributes
                0x0000000000000362       0x34 /home/siegelty/Documents/EECS473/nordicTools/gcc-arm-none-eabi-6-2017-q2-update/bin/../lib/gcc/arm-none-eabi/6.3.1/thumb/v7e-m/fpv4-sp/hard/crtend.o
 .ARM.attributes
                0x0000000000000396       0x22 /home/siegelty/Documents/EECS473/nordicTools/gcc-arm-none-eabi-6-2017-q2-update/bin/../lib/gcc/arm-none-eabi/6.3.1/thumb/v7e-m/fpv4-sp/hard/crtn.o

.comment        0x0000000000000000       0x7f
 .comment       0x0000000000000000       0x7f _build/main.c/system_nrf52.c.o
                                         0x80 (size before relaxing)
 .comment       0x000000000000007f       0x80 _build/main.c/main.c.o
 .comment       0x000000000000007f       0x80 _build/main.c/boards.c.o
 .comment       0x000000000000007f       0x80 _build/main.c/app_error.c.o
 .comment       0x000000000000007f       0x80 _build/main.c/app_error_weak.c.o
 .comment       0x000000000000007f       0x80 _build/main.c/nrf_section_iter.c.o
 .comment       0x000000000000007f       0x80 _build/main.c/nrf_sdh.c.o
 .comment       0x000000000000007f       0x80 _build/main.c/nrf_sdh_soc.c.o

.debug_line     0x0000000000000000     0x37e4
 .debug_line    0x0000000000000000       0x8e _build/main.c/gcc_startup_nrf52.S.o
 .debug_line    0x000000000000008e      0x4f4 _build/main.c/system_nrf52.c.o
 .debug_line    0x0000000000000582      0x67c _build/main.c/main.c.o
 .debug_line    0x0000000000000bfe      0x79b _build/main.c/boards.c.o
 .debug_line    0x0000000000001399      0x59d _build/main.c/app_error.c.o
 .debug_line    0x0000000000001936      0x7f1 _build/main.c/app_error_weak.c.o
 .debug_line    0x0000000000002127      0x62c _build/main.c/nrf_section_iter.c.o
 .debug_line    0x0000000000002753      0x941 _build/main.c/nrf_sdh.c.o
 .debug_line    0x0000000000003094      0x750 _build/main.c/nrf_sdh_soc.c.o

.debug_info     0x0000000000000000     0x79c9
 .debug_info    0x0000000000000000       0xdc _build/main.c/gcc_startup_nrf52.S.o
 .debug_info    0x00000000000000dc     0x1105 _build/main.c/system_nrf52.c.o
 .debug_info    0x00000000000011e1      0x9cd _build/main.c/main.c.o
 .debug_info    0x0000000000001bae     0x1407 _build/main.c/boards.c.o
 .debug_info    0x0000000000002fb5      0xb5f _build/main.c/app_error.c.o
 .debug_info    0x0000000000003b14      0xc59 _build/main.c/app_error_weak.c.o
 .debug_info    0x000000000000476d      0xa12 _build/main.c/nrf_section_iter.c.o
 .debug_info    0x000000000000517f     0x1adf _build/main.c/nrf_sdh.c.o
 .debug_info    0x0000000000006c5e      0xd6b _build/main.c/nrf_sdh_soc.c.o

.debug_abbrev   0x0000000000000000     0x157e
 .debug_abbrev  0x0000000000000000       0x14 _build/main.c/gcc_startup_nrf52.S.o
 .debug_abbrev  0x0000000000000014      0x1e2 _build/main.c/system_nrf52.c.o
 .debug_abbrev  0x00000000000001f6      0x284 _build/main.c/main.c.o
 .debug_abbrev  0x000000000000047a      0x382 _build/main.c/boards.c.o
 .debug_abbrev  0x00000000000007fc      0x235 _build/main.c/app_error.c.o
 .debug_abbrev  0x0000000000000a31      0x21c _build/main.c/app_error_weak.c.o
 .debug_abbrev  0x0000000000000c4d      0x1da _build/main.c/nrf_section_iter.c.o
 .debug_abbrev  0x0000000000000e27      0x4b5 _build/main.c/nrf_sdh.c.o
 .debug_abbrev  0x00000000000012dc      0x2a2 _build/main.c/nrf_sdh_soc.c.o

.debug_aranges  0x0000000000000000      0x1f8
 .debug_aranges
                0x0000000000000000       0x20 _build/main.c/gcc_startup_nrf52.S.o
 .debug_aranges
                0x0000000000000020       0x28 _build/main.c/system_nrf52.c.o
 .debug_aranges
                0x0000000000000048       0x20 _build/main.c/main.c.o
 .debug_aranges
                0x0000000000000068       0x80 _build/main.c/boards.c.o
 .debug_aranges
                0x00000000000000e8       0x30 _build/main.c/app_error.c.o
 .debug_aranges
                0x0000000000000118       0x20 _build/main.c/app_error_weak.c.o
 .debug_aranges
                0x0000000000000138       0x28 _build/main.c/nrf_section_iter.c.o
 .debug_aranges
                0x0000000000000160       0x70 _build/main.c/nrf_sdh.c.o
 .debug_aranges
                0x00000000000001d0       0x28 _build/main.c/nrf_sdh_soc.c.o

.debug_ranges   0x0000000000000000      0x490
 .debug_ranges  0x0000000000000000      0x148 _build/main.c/system_nrf52.c.o
 .debug_ranges  0x0000000000000148       0x28 _build/main.c/main.c.o
 .debug_ranges  0x0000000000000170      0x178 _build/main.c/boards.c.o
 .debug_ranges  0x00000000000002e8       0x20 _build/main.c/app_error.c.o
 .debug_ranges  0x0000000000000308       0x10 _build/main.c/app_error_weak.c.o
 .debug_ranges  0x0000000000000318       0x18 _build/main.c/nrf_section_iter.c.o
 .debug_ranges  0x0000000000000330      0x130 _build/main.c/nrf_sdh.c.o
 .debug_ranges  0x0000000000000460       0x30 _build/main.c/nrf_sdh_soc.c.o

.debug_macro    0x0000000000000000    0x13c5a
 .debug_macro   0x0000000000000000       0xf5 _build/main.c/system_nrf52.c.o
 .debug_macro   0x00000000000000f5      0x8d4 _build/main.c/system_nrf52.c.o
 .debug_macro   0x00000000000009c9       0x22 _build/main.c/system_nrf52.c.o
 .debug_macro   0x00000000000009eb       0x4f _build/main.c/system_nrf52.c.o
 .debug_macro   0x0000000000000a3a       0x51 _build/main.c/system_nrf52.c.o
 .debug_macro   0x0000000000000a8b       0xef _build/main.c/system_nrf52.c.o
 .debug_macro   0x0000000000000b7a       0x6a _build/main.c/system_nrf52.c.o
 .debug_macro   0x0000000000000be4      0x1df _build/main.c/system_nrf52.c.o
 .debug_macro   0x0000000000000dc3       0x22 _build/main.c/system_nrf52.c.o
 .debug_macro   0x0000000000000de5       0x22 _build/main.c/system_nrf52.c.o
 .debug_macro   0x0000000000000e07       0x2d _build/main.c/system_nrf52.c.o
 .debug_macro   0x0000000000000e34       0x3b _build/main.c/system_nrf52.c.o
 .debug_macro   0x0000000000000e6f       0x50 _build/main.c/system_nrf52.c.o
 .debug_macro   0x0000000000000ebf      0xe66 _build/main.c/system_nrf52.c.o
 .debug_macro   0x0000000000001d25      0x392 _build/main.c/system_nrf52.c.o
 .debug_macro   0x00000000000020b7     0xcc8d _build/main.c/system_nrf52.c.o
 .debug_macro   0x000000000000ed44     0x1313 _build/main.c/system_nrf52.c.o
 .debug_macro   0x0000000000010057       0x82 _build/main.c/system_nrf52.c.o
 .debug_macro   0x00000000000100d9       0x22 _build/main.c/system_nrf52.c.o
 .debug_macro   0x00000000000100fb      0x2a6 _build/main.c/main.c.o
 .debug_macro   0x00000000000103a1       0x10 _build/main.c/main.c.o
 .debug_macro   0x00000000000103b1      0x2ce _build/main.c/main.c.o
 .debug_macro   0x000000000001067f       0x58 _build/main.c/main.c.o
 .debug_macro   0x00000000000106d7       0x35 _build/main.c/main.c.o
 .debug_macro   0x000000000001070c       0x9c _build/main.c/main.c.o
 .debug_macro   0x00000000000107a8       0x16 _build/main.c/main.c.o
 .debug_macro   0x00000000000107be       0x97 _build/main.c/main.c.o
 .debug_macro   0x0000000000010855      0x353 _build/main.c/main.c.o
 .debug_macro   0x0000000000010ba8       0xf6 _build/main.c/main.c.o
 .debug_macro   0x0000000000010c9e       0x10 _build/main.c/main.c.o
 .debug_macro   0x0000000000010cae       0x58 _build/main.c/main.c.o
 .debug_macro   0x0000000000010d06       0x1f _build/main.c/main.c.o
 .debug_macro   0x0000000000010d25       0x43 _build/main.c/main.c.o
 .debug_macro   0x0000000000010d68       0x20 _build/main.c/main.c.o
 .debug_macro   0x0000000000010d88      0x187 _build/main.c/main.c.o
 .debug_macro   0x0000000000010f0f       0x10 _build/main.c/main.c.o
 .debug_macro   0x0000000000010f1f       0xb6 _build/main.c/main.c.o
 .debug_macro   0x0000000000010fd5       0x16 _build/main.c/main.c.o
 .debug_macro   0x0000000000010feb      0x145 _build/main.c/main.c.o
 .debug_macro   0x0000000000011130       0x9a _build/main.c/main.c.o
 .debug_macro   0x00000000000111ca      0x539 _build/main.c/main.c.o
 .debug_macro   0x0000000000011703       0x78 _build/main.c/main.c.o
 .debug_macro   0x000000000001177b      0x16d _build/main.c/main.c.o
 .debug_macro   0x00000000000118e8       0x2b _build/main.c/main.c.o
 .debug_macro   0x0000000000011913       0x10 _build/main.c/main.c.o
 .debug_macro   0x0000000000011923       0x16 _build/main.c/main.c.o
 .debug_macro   0x0000000000011939       0x35 _build/main.c/main.c.o
 .debug_macro   0x000000000001196e       0x22 _build/main.c/main.c.o
 .debug_macro   0x0000000000011990       0x16 _build/main.c/main.c.o
 .debug_macro   0x00000000000119a6      0x261 _build/main.c/main.c.o
 .debug_macro   0x0000000000011c07      0x115 _build/main.c/main.c.o
 .debug_macro   0x0000000000011d1c      0x29d _build/main.c/boards.c.o
 .debug_macro   0x0000000000011fb9       0x35 _build/main.c/boards.c.o
 .debug_macro   0x0000000000011fee      0x229 _build/main.c/app_error.c.o
 .debug_macro   0x0000000000012217      0x362 _build/main.c/app_error_weak.c.o
 .debug_macro   0x0000000000012579       0x16 _build/main.c/app_error_weak.c.o
 .debug_macro   0x000000000001258f       0x22 _build/main.c/app_error_weak.c.o
 .debug_macro   0x00000000000125b1      0x48a _build/main.c/app_error_weak.c.o
 .debug_macro   0x0000000000012a3b       0x4b _build/main.c/app_error_weak.c.o
 .debug_macro   0x0000000000012a86       0x31 _build/main.c/app_error_weak.c.o
 .debug_macro   0x0000000000012ab7       0x10 _build/main.c/app_error_weak.c.o
 .debug_macro   0x0000000000012ac7      0x151 _build/main.c/app_error_weak.c.o
 .debug_macro   0x0000000000012c18       0x68 _build/main.c/app_error_weak.c.o
 .debug_macro   0x0000000000012c80       0x28 _build/main.c/app_error_weak.c.o
 .debug_macro   0x0000000000012ca8       0x16 _build/main.c/app_error_weak.c.o
 .debug_macro   0x0000000000012cbe       0x40 _build/main.c/app_error_weak.c.o
 .debug_macro   0x0000000000012cfe       0x70 _build/main.c/app_error_weak.c.o
 .debug_macro   0x0000000000012d6e       0x2e _build/main.c/app_error_weak.c.o
 .debug_macro   0x0000000000012d9c       0x16 _build/main.c/app_error_weak.c.o
 .debug_macro   0x0000000000012db2       0x7e _build/main.c/app_error_weak.c.o
 .debug_macro   0x0000000000012e30       0x8c _build/main.c/app_error_weak.c.o
 .debug_macro   0x0000000000012ebc       0x10 _build/main.c/app_error_weak.c.o
 .debug_macro   0x0000000000012ecc       0x1c _build/main.c/app_error_weak.c.o
 .debug_macro   0x0000000000012ee8      0x2a6 _build/main.c/nrf_section_iter.c.o
 .debug_macro   0x000000000001318e      0x16d _build/main.c/nrf_section_iter.c.o
 .debug_macro   0x00000000000132fb       0x10 _build/main.c/nrf_section_iter.c.o
 .debug_macro   0x000000000001330b       0x1c _build/main.c/nrf_section_iter.c.o
 .debug_macro   0x0000000000013327       0x11 _build/main.c/nrf_section_iter.c.o
 .debug_macro   0x0000000000013338      0x343 _build/main.c/nrf_sdh.c.o
 .debug_macro   0x000000000001367b       0x2a _build/main.c/nrf_sdh.c.o
 .debug_macro   0x00000000000136a5       0x1c _build/main.c/nrf_sdh.c.o
 .debug_macro   0x00000000000136c1      0x10d _build/main.c/nrf_sdh.c.o
 .debug_macro   0x00000000000137ce      0x145 _build/main.c/nrf_sdh.c.o
 .debug_macro   0x0000000000013913      0x331 _build/main.c/nrf_sdh_soc.c.o
 .debug_macro   0x0000000000013c44       0x16 _build/main.c/nrf_sdh_soc.c.o

.debug_str      0x0000000000000000    0x6c1ac
 .debug_str     0x0000000000000000    0x5b1a7 _build/main.c/system_nrf52.c.o
                                      0x5bc24 (size before relaxing)
 .debug_str     0x000000000005b1a7     0x723b _build/main.c/main.c.o
                                      0x62a7a (size before relaxing)
 .debug_str     0x00000000000623e2      0x4d1 _build/main.c/boards.c.o
                                      0x62f2b (size before relaxing)
 .debug_str     0x00000000000628b3      0x131 _build/main.c/app_error.c.o
                                      0x613ee (size before relaxing)
 .debug_str     0x00000000000629e4     0x7969 _build/main.c/app_error_weak.c.o
                                      0x68e44 (size before relaxing)
 .debug_str     0x000000000006a34d      0x25b _build/main.c/nrf_section_iter.c.o
                                      0x65d79 (size before relaxing)
 .debug_str     0x000000000006a5a8     0x1425 _build/main.c/nrf_sdh.c.o
                                      0x693be (size before relaxing)
 .debug_str     0x000000000006b9cd      0x7df _build/main.c/nrf_sdh_soc.c.o
                                      0x68703 (size before relaxing)

.debug_frame    0x0000000000000000      0x418
 .debug_frame   0x0000000000000000       0x48 _build/main.c/system_nrf52.c.o
 .debug_frame   0x0000000000000048       0x30 _build/main.c/main.c.o
 .debug_frame   0x0000000000000078      0x104 _build/main.c/boards.c.o
 .debug_frame   0x000000000000017c       0x70 _build/main.c/app_error.c.o
 .debug_frame   0x00000000000001ec       0x20 _build/main.c/app_error_weak.c.o
 .debug_frame   0x000000000000020c       0x30 _build/main.c/nrf_section_iter.c.o
 .debug_frame   0x000000000000023c      0x108 _build/main.c/nrf_sdh.c.o
 .debug_frame   0x0000000000000344       0x40 _build/main.c/nrf_sdh_soc.c.o
 .debug_frame   0x0000000000000384       0x28 /home/siegelty/Documents/EECS473/nordicTools/gcc-arm-none-eabi-6-2017-q2-update/bin/../lib/gcc/arm-none-eabi/6.3.1/../../../../arm-none-eabi/lib/thumb/v7e-m/fpv4-sp/hard/libc_nano.a(lib_a-exit.o)
 .debug_frame   0x00000000000003ac       0x2c /home/siegelty/Documents/EECS473/nordicTools/gcc-arm-none-eabi-6-2017-q2-update/bin/../lib/gcc/arm-none-eabi/6.3.1/../../../../arm-none-eabi/lib/thumb/v7e-m/fpv4-sp/hard/libc_nano.a(lib_a-init.o)
 .debug_frame   0x00000000000003d8       0x20 /home/siegelty/Documents/EECS473/nordicTools/gcc-arm-none-eabi-6-2017-q2-update/bin/../lib/gcc/arm-none-eabi/6.3.1/../../../../arm-none-eabi/lib/thumb/v7e-m/fpv4-sp/hard/libc_nano.a(lib_a-memset.o)
 .debug_frame   0x00000000000003f8       0x20 /home/siegelty/Documents/EECS473/nordicTools/gcc-arm-none-eabi-6-2017-q2-update/bin/../lib/gcc/arm-none-eabi/6.3.1/../../../../arm-none-eabi/lib/thumb/v7e-m/fpv4-sp/hard/libnosys.a(_exit.o)

.debug_loc      0x0000000000000000      0xd60
 .debug_loc     0x0000000000000000       0x4d _build/main.c/main.c.o
 .debug_loc     0x000000000000004d      0x845 _build/main.c/boards.c.o
 .debug_loc     0x0000000000000892      0x145 _build/main.c/app_error.c.o
 .debug_loc     0x00000000000009d7       0x42 _build/main.c/app_error_weak.c.o
 .debug_loc     0x0000000000000a19      0x2d3 _build/main.c/nrf_sdh.c.o
 .debug_loc     0x0000000000000cec       0x74 _build/main.c/nrf_sdh_soc.c.o
